// Jest Snapshot v1, https://goo.gl/fbAQLP

exports[`should match snapshot 1`] = `
<div
  className="add-location"
>
  <input
    name="location-input"
    onChange={[Function]}
    type="text"
    value=""
  />
  <button
    onClick={[Function]}
  >
    Add Location
  </button>
  <div>
    
  </div>
</div>
`;
